// Jest Snapshot v1, https://goo.gl/fbAQLP

exports[`Step component Step component initial renders properly 1`] = `
ShallowWrapper {
  Symbol(enzyme.__root__): [Circular],
  Symbol(enzyme.__unrendered__): <Step
    handleClick={[Function]}
    title=""
  />,
  Symbol(enzyme.__renderer__): Object {
    "batchedUpdates": [Function],
    "checkPropTypes": [Function],
    "getNode": [Function],
    "render": [Function],
    "simulateError": [Function],
    "simulateEvent": [Function],
    "unmount": [Function],
  },
  Symbol(enzyme.__node__): Object {
    "instance": null,
    "key": undefined,
    "nodeType": "function",
    "props": Object {
      "children": Array [
        <ForwardRef
          htmlFor=""
        >
          
        </ForwardRef>,
        <ForwardRef>
          <ForwardRef
            disabled={true}
            id=""
            onClick={[Function]}
            type="button"
          />
        </ForwardRef>,
      ],
    },
    "ref": null,
    "rendered": Array [
      Object {
        "instance": null,
        "key": undefined,
        "nodeType": "function",
        "props": Object {
          "active": undefined,
          "checked": undefined,
          "children": "",
          "current": undefined,
          "htmlFor": "",
        },
        "ref": null,
        "rendered": "",
        "type": Object {
          "$$typeof": Symbol(react.forward_ref),
          "attrs": Array [],
          "componentStyle": ComponentStyle {
            "componentId": "sc-htpNat",
            "isStatic": false,
            "rules": Array [
              "
    display: block;
    padding-bottom: 15px;
    font-size: 18px;
    font-weight: bold;
    cursor: ",
              [Function],
              ";
    color: ",
              [Function],
              ";
    transition: color 0.1s;

    ",
              [Function],
              "
  ",
            ],
          },
          "displayName": "Label",
          "foldedComponentIds": Array [],
          "render": [Function],
          "styledComponentId": "sc-htpNat",
          "target": "label",
          "toString": [Function],
          "warnTooManyClasses": [Function],
          "withComponent": [Function],
        },
      },
      Object {
        "instance": null,
        "key": undefined,
        "nodeType": "function",
        "props": Object {
          "checked": undefined,
          "children": <ForwardRef
            disabled={true}
            id=""
            onClick={[Function]}
            type="button"
          />,
        },
        "ref": null,
        "rendered": Object {
          "instance": null,
          "key": undefined,
          "nodeType": "function",
          "props": Object {
            "active": undefined,
            "current": undefined,
            "disabled": true,
            "id": "",
            "isChecked": undefined,
            "onClick": [Function],
            "type": "button",
          },
          "ref": null,
          "rendered": null,
          "type": Object {
            "$$typeof": Symbol(react.forward_ref),
            "attrs": Array [],
            "componentStyle": ComponentStyle {
              "componentId": "sc-bxivhb",
              "isStatic": false,
              "rules": Array [
                "
    width: ",
                "40px",
                ";
    height: ",
                "40px",
                ";
    border: 10px solid ",
                [Function],
                ";
    border-radius: 50%;
    padding: 0;
    margin: 0;
    background-color: #fff;
    cursor: ",
                [Function],
                ";
    transition: transform 0.3s;
    transition: border 0.1s;

    ",
                [Function],
                "
  ",
                [Function],
                "
  }
    &:focus {
      outline: none;
      transform: scale(1.2);
    }
  ",
              ],
            },
            "displayName": "Button",
            "foldedComponentIds": Array [],
            "render": [Function],
            "styledComponentId": "sc-bxivhb",
            "target": "input",
            "toString": [Function],
            "warnTooManyClasses": [Function],
            "withComponent": [Function],
          },
        },
        "type": Object {
          "$$typeof": Symbol(react.forward_ref),
          "attrs": Array [],
          "componentStyle": ComponentStyle {
            "componentId": "sc-bdVaJa",
            "isStatic": false,
            "rules": Array [
              "
    position: relative;

    &:after {
      content: '';
      height: 8px;
      width: 100%;
      background-color: ",
              [Function],
              ";
      display: block;
      position: absolute;
      top: 16px;
      left: 50%;
      z-index: -1;
      background: linear-gradient(to right, ",
              [Function],
              ");
      background-size: 200% 100%;
      background-position: right bottom;
      transition: background-position 0.2s ease 0.1s;
      
      ",
              [Function],
              "
    }
  ",
            ],
          },
          "displayName": "styled.div",
          "foldedComponentIds": Array [],
          "render": [Function],
          "styledComponentId": "sc-bdVaJa",
          "target": "div",
          "toString": [Function],
          "warnTooManyClasses": [Function],
          "withComponent": [Function],
        },
      },
    ],
    "type": Object {
      "$$typeof": Symbol(react.forward_ref),
      "attrs": Array [],
      "componentStyle": ComponentStyle {
        "componentId": "sc-bwzfXH",
        "isStatic": true,
        "rules": Array [
          "
    flex: 1;
    width: 100%;
    min-width: 100px;
    text-align: center;

    &:last-child {
      ",
          ".sc-bdVaJa",
          ": {
        &:after {
          width: 0;
        }
        &:after {
          width: 0;
        }
      }
    }
  ",
        ],
      },
      "displayName": "styled.div",
      "foldedComponentIds": Array [],
      "render": [Function],
      "styledComponentId": "sc-bwzfXH",
      "target": "div",
      "toString": [Function],
      "warnTooManyClasses": [Function],
      "withComponent": [Function],
    },
  },
  Symbol(enzyme.__nodes__): Array [
    Object {
      "instance": null,
      "key": undefined,
      "nodeType": "function",
      "props": Object {
        "children": Array [
          <ForwardRef
            htmlFor=""
          >
            
          </ForwardRef>,
          <ForwardRef>
            <ForwardRef
              disabled={true}
              id=""
              onClick={[Function]}
              type="button"
            />
          </ForwardRef>,
        ],
      },
      "ref": null,
      "rendered": Array [
        Object {
          "instance": null,
          "key": undefined,
          "nodeType": "function",
          "props": Object {
            "active": undefined,
            "checked": undefined,
            "children": "",
            "current": undefined,
            "htmlFor": "",
          },
          "ref": null,
          "rendered": "",
          "type": Object {
            "$$typeof": Symbol(react.forward_ref),
            "attrs": Array [],
            "componentStyle": ComponentStyle {
              "componentId": "sc-htpNat",
              "isStatic": false,
              "rules": Array [
                "
    display: block;
    padding-bottom: 15px;
    font-size: 18px;
    font-weight: bold;
    cursor: ",
                [Function],
                ";
    color: ",
                [Function],
                ";
    transition: color 0.1s;

    ",
                [Function],
                "
  ",
              ],
            },
            "displayName": "Label",
            "foldedComponentIds": Array [],
            "render": [Function],
            "styledComponentId": "sc-htpNat",
            "target": "label",
            "toString": [Function],
            "warnTooManyClasses": [Function],
            "withComponent": [Function],
          },
        },
        Object {
          "instance": null,
          "key": undefined,
          "nodeType": "function",
          "props": Object {
            "checked": undefined,
            "children": <ForwardRef
              disabled={true}
              id=""
              onClick={[Function]}
              type="button"
            />,
          },
          "ref": null,
          "rendered": Object {
            "instance": null,
            "key": undefined,
            "nodeType": "function",
            "props": Object {
              "active": undefined,
              "current": undefined,
              "disabled": true,
              "id": "",
              "isChecked": undefined,
              "onClick": [Function],
              "type": "button",
            },
            "ref": null,
            "rendered": null,
            "type": Object {
              "$$typeof": Symbol(react.forward_ref),
              "attrs": Array [],
              "componentStyle": ComponentStyle {
                "componentId": "sc-bxivhb",
                "isStatic": false,
                "rules": Array [
                  "
    width: ",
                  "40px",
                  ";
    height: ",
                  "40px",
                  ";
    border: 10px solid ",
                  [Function],
                  ";
    border-radius: 50%;
    padding: 0;
    margin: 0;
    background-color: #fff;
    cursor: ",
                  [Function],
                  ";
    transition: transform 0.3s;
    transition: border 0.1s;

    ",
                  [Function],
                  "
  ",
                  [Function],
                  "
  }
    &:focus {
      outline: none;
      transform: scale(1.2);
    }
  ",
                ],
              },
              "displayName": "Button",
              "foldedComponentIds": Array [],
              "render": [Function],
              "styledComponentId": "sc-bxivhb",
              "target": "input",
              "toString": [Function],
              "warnTooManyClasses": [Function],
              "withComponent": [Function],
            },
          },
          "type": Object {
            "$$typeof": Symbol(react.forward_ref),
            "attrs": Array [],
            "componentStyle": ComponentStyle {
              "componentId": "sc-bdVaJa",
              "isStatic": false,
              "rules": Array [
                "
    position: relative;

    &:after {
      content: '';
      height: 8px;
      width: 100%;
      background-color: ",
                [Function],
                ";
      display: block;
      position: absolute;
      top: 16px;
      left: 50%;
      z-index: -1;
      background: linear-gradient(to right, ",
                [Function],
                ");
      background-size: 200% 100%;
      background-position: right bottom;
      transition: background-position 0.2s ease 0.1s;
      
      ",
                [Function],
                "
    }
  ",
              ],
            },
            "displayName": "styled.div",
            "foldedComponentIds": Array [],
            "render": [Function],
            "styledComponentId": "sc-bdVaJa",
            "target": "div",
            "toString": [Function],
            "warnTooManyClasses": [Function],
            "withComponent": [Function],
          },
        },
      ],
      "type": Object {
        "$$typeof": Symbol(react.forward_ref),
        "attrs": Array [],
        "componentStyle": ComponentStyle {
          "componentId": "sc-bwzfXH",
          "isStatic": true,
          "rules": Array [
            "
    flex: 1;
    width: 100%;
    min-width: 100px;
    text-align: center;

    &:last-child {
      ",
            ".sc-bdVaJa",
            ": {
        &:after {
          width: 0;
        }
        &:after {
          width: 0;
        }
      }
    }
  ",
          ],
        },
        "displayName": "styled.div",
        "foldedComponentIds": Array [],
        "render": [Function],
        "styledComponentId": "sc-bwzfXH",
        "target": "div",
        "toString": [Function],
        "warnTooManyClasses": [Function],
        "withComponent": [Function],
      },
    },
  ],
  Symbol(enzyme.__options__): Object {
    "adapter": ReactSixteenAdapter {
      "options": Object {
        "enableComponentDidUpdateOnSetState": true,
        "legacyContextMode": "parent",
        "lifecycles": Object {
          "componentDidUpdate": Object {
            "onSetState": true,
          },
          "getChildContext": Object {
            "calledByRenderer": false,
          },
          "getDerivedStateFromProps": true,
          "getSnapshotBeforeUpdate": true,
          "setState": Object {
            "skipsComponentDidUpdateOnNullish": true,
          },
        },
      },
    },
  },
}
`;
